2026-05-15 20:37:42 INFO  c.b.editorial.EditorialApplication - Starting EditorialApplication using Java 17.0.17 with PID 15728 (C:\Users\Rodrigo\Desktop\2026 1semestre\fullstack\proyecto biblioteca FS\editorial\editorial\target\classes started by Rodrigo in C:\Users\Rodrigo\Desktop\2026 1semestre\fullstack\proyecto biblioteca FS\editorial)
2026-05-15 20:37:42 DEBUG c.b.editorial.EditorialApplication - Running with Spring Boot v4.0.6, Spring v7.0.7
2026-05-15 20:37:42 INFO  c.b.editorial.EditorialApplication - No active profile set, falling back to 1 default profile: "default"
2026-05-15 20:37:48 INFO  o.s.d.r.c.RepositoryConfigurationDelegate - Bootstrapping Spring Data JPA repositories in DEFAULT mode.
2026-05-15 20:37:48 INFO  o.s.d.r.c.RepositoryConfigurationDelegate - Finished Spring Data repository scanning in 233 ms. Found 1 JPA repository interface.
2026-05-15 20:37:51 INFO  o.s.boot.tomcat.TomcatWebServer - Tomcat initialized with port 8083 (http)
2026-05-15 20:37:51 INFO  o.a.catalina.core.StandardService - Starting service [Tomcat]
2026-05-15 20:37:51 INFO  o.a.catalina.core.StandardEngine - Starting Servlet engine: [Apache Tomcat/11.0.21]
2026-05-15 20:37:52 INFO  o.s.b.w.c.s.WebApplicationContextInitializer - Root WebApplicationContext: initialization completed in 9218 ms
2026-05-15 20:37:54 INFO  org.hibernate.orm.jpa - HHH008540: Processing PersistenceUnitInfo [name: default]
2026-05-15 20:37:55 INFO  org.hibernate.orm.core - HHH000001: Hibernate ORM core version 7.2.12.Final
2026-05-15 20:37:57 INFO  o.s.o.j.p.SpringPersistenceUnitInfo - No LoadTimeWeaver setup: ignoring JPA class transformer
2026-05-15 20:37:57 INFO  com.zaxxer.hikari.HikariDataSource - HikariPool-1 - Starting...
2026-05-15 20:37:59 INFO  com.zaxxer.hikari.pool.HikariPool - HikariPool-1 - Added connection conn0: url=jdbc:h2:mem:comuna_db user=SA
2026-05-15 20:37:59 INFO  com.zaxxer.hikari.HikariDataSource - HikariPool-1 - Start completed.
2026-05-15 20:37:59 WARN  org.hibernate.orm.deprecation - HHH90000025: H2Dialect does not need to be specified explicitly using 'hibernate.dialect' (remove the property setting and it will be selected by default)
2026-05-15 20:37:59 INFO  o.hibernate.orm.connections.pooling - HHH10001005: Database info:
	Database JDBC URL [jdbc:h2:mem:comuna_db]
	Database driver: H2 JDBC Driver
	Database dialect: H2Dialect
	Database version: 2.4.240
	Default catalog/schema: COMUNA_DB/PUBLIC
	Autocommit mode: undefined/unknown
	Isolation level: READ_COMMITTED [default READ_COMMITTED]
	JDBC fetch size: 100
	Pool: DataSourceConnectionProvider
	Minimum pool size: undefined/unknown
	Maximum pool size: undefined/unknown
2026-05-15 20:38:02 INFO  org.hibernate.orm.core - HHH000489: No JTA platform available (set 'hibernate.transaction.jta.platform' to enable JTA platform integration)
2026-05-15 20:38:02 INFO  o.s.o.j.LocalContainerEntityManagerFactoryBean - Initialized JPA EntityManagerFactory for persistence unit 'default'
2026-05-15 20:38:02 INFO  o.s.d.j.r.q.QueryEnhancerFactories - Hibernate is in classpath; If applicable, HQL parser will be used.
2026-05-15 20:38:04 WARN  o.s.b.j.a.JpaBaseConfiguration$JpaWebConfiguration - spring.jpa.open-in-view is enabled by default. Therefore, database queries may be performed during view rendering. Explicitly configure spring.jpa.open-in-view to disable this warning
2026-05-15 20:38:05 INFO  o.s.s.c.a.a.c.InitializeUserDetailsBeanManagerConfigurer$InitializeUserDetailsManagerConfigurer - Global AuthenticationManager configured with UserDetailsService bean with name userDetailsService
2026-05-15 20:38:07 INFO  o.s.boot.tomcat.TomcatWebServer - Tomcat started on port 8083 (http) with context path '/'
2026-05-15 20:38:08 INFO  c.b.editorial.EditorialApplication - Started EditorialApplication in 28.318 seconds (process running for 29.719)
2026-05-15 20:45:32 INFO  o.a.c.c.C.[Tomcat].[localhost].[/] - Initializing Spring DispatcherServlet 'dispatcherServlet'
2026-05-15 20:45:32 INFO  o.s.web.servlet.DispatcherServlet - Initializing Servlet 'dispatcherServlet'
2026-05-15 20:45:32 INFO  o.s.web.servlet.DispatcherServlet - Completed initialization in 14 ms
2026-05-15 20:45:33 INFO  c.b.e.controller.EditorialController - Recibiendo solicitud para listar editoriales
2026-05-15 20:46:00 INFO  c.b.e.controller.EditorialController - Recibiendo solicitud para guardar comuna
2026-05-15 20:46:08 INFO  c.b.e.controller.EditorialController - Recibiendo solicitud para guardar comuna
2026-05-15 20:46:57 INFO  c.b.e.controller.EditorialController - Recibiendo solicitud para buscar editorial por id
2026-05-15 20:47:20 INFO  c.b.e.controller.EditorialController - Recibiendo solicitud para buscar comunas por nombre
2026-05-15 20:48:11 INFO  c.b.e.controller.EditorialController - Recibiendo solicitud para borrar comuna por id
2026-05-15 20:48:18 INFO  c.b.e.controller.EditorialController - Recibiendo solicitud para borrar comuna por id
