2026-05-14 14:04:09 INFO  c.biblioteca.autor.AutorApplication - Starting AutorApplication using Java 17.0.17 with PID 13280 (C:\Users\Rodrigo\Desktop\2026 1semestre\fullstack\proyecto biblioteca FS\autor\autor\target\classes started by Rodrigo in C:\Users\Rodrigo\Desktop\2026 1semestre\fullstack\proyecto biblioteca FS\autor)
2026-05-14 14:04:09 DEBUG c.biblioteca.autor.AutorApplication - Running with Spring Boot v4.0.5, Spring v7.0.6
2026-05-14 14:04:09 INFO  c.biblioteca.autor.AutorApplication - No active profile set, falling back to 1 default profile: "default"
2026-05-14 14:04:14 INFO  o.s.d.r.c.RepositoryConfigurationDelegate - Bootstrapping Spring Data JPA repositories in DEFAULT mode.
2026-05-14 14:04:14 INFO  o.s.d.r.c.RepositoryConfigurationDelegate - Finished Spring Data repository scanning in 282 ms. Found 1 JPA repository interface.
2026-05-14 14:04:17 INFO  o.s.boot.tomcat.TomcatWebServer - Tomcat initialized with port 8089 (http)
2026-05-14 14:04:17 INFO  o.a.catalina.core.StandardService - Starting service [Tomcat]
2026-05-14 14:04:17 INFO  o.a.catalina.core.StandardEngine - Starting Servlet engine: [Apache Tomcat/11.0.20]
2026-05-14 14:04:17 INFO  o.s.b.w.c.s.WebApplicationContextInitializer - Root WebApplicationContext: initialization completed in 7848 ms
2026-05-14 14:04:18 INFO  org.hibernate.orm.jpa - HHH008540: Processing PersistenceUnitInfo [name: default]
2026-05-14 14:04:19 INFO  org.hibernate.orm.core - HHH000001: Hibernate ORM core version 7.2.7.Final
2026-05-14 14:04:21 INFO  o.s.o.j.p.SpringPersistenceUnitInfo - No LoadTimeWeaver setup: ignoring JPA class transformer
2026-05-14 14:04:21 INFO  com.zaxxer.hikari.HikariDataSource - HikariPool-1 - Starting...
2026-05-14 14:04:23 INFO  com.zaxxer.hikari.pool.HikariPool - HikariPool-1 - Added connection conn0: url=jdbc:h2:mem:autor_db user=SA
2026-05-14 14:04:23 INFO  com.zaxxer.hikari.HikariDataSource - HikariPool-1 - Start completed.
2026-05-14 14:04:23 WARN  org.hibernate.orm.deprecation - HHH90000025: H2Dialect does not need to be specified explicitly using 'hibernate.dialect' (remove the property setting and it will be selected by default)
2026-05-14 14:04:23 INFO  o.hibernate.orm.connections.pooling - HHH10001005: Database info:
	Database JDBC URL [jdbc:h2:mem:autor_db]
	Database driver: H2 JDBC Driver
	Database dialect: H2Dialect
	Database version: 2.4.240
	Default catalog/schema: AUTOR_DB/PUBLIC
	Autocommit mode: undefined/unknown
	Isolation level: READ_COMMITTED [default READ_COMMITTED]
	JDBC fetch size: 100
	Pool: DataSourceConnectionProvider
	Minimum pool size: undefined/unknown
	Maximum pool size: undefined/unknown
2026-05-14 14:04:25 INFO  org.hibernate.orm.core - HHH000489: No JTA platform available (set 'hibernate.transaction.jta.platform' to enable JTA platform integration)
2026-05-14 14:04:26 INFO  o.s.o.j.LocalContainerEntityManagerFactoryBean - Initialized JPA EntityManagerFactory for persistence unit 'default'
2026-05-14 14:04:26 INFO  o.s.d.j.r.q.QueryEnhancerFactories - Hibernate is in classpath; If applicable, HQL parser will be used.
2026-05-14 14:04:27 WARN  o.s.b.j.a.JpaBaseConfiguration$JpaWebConfiguration - spring.jpa.open-in-view is enabled by default. Therefore, database queries may be performed during view rendering. Explicitly configure spring.jpa.open-in-view to disable this warning
2026-05-14 14:04:28 INFO  o.s.s.c.a.a.c.InitializeUserDetailsBeanManagerConfigurer$InitializeUserDetailsManagerConfigurer - Global AuthenticationManager configured with UserDetailsService bean with name userDetailsService
2026-05-14 14:04:30 INFO  o.s.boot.tomcat.TomcatWebServer - Tomcat started on port 8089 (http) with context path '/'
2026-05-14 14:04:30 INFO  c.biblioteca.autor.AutorApplication - Started AutorApplication in 22.999 seconds (process running for 24.168)
2026-05-14 14:10:48 INFO  o.a.c.c.C.[Tomcat].[localhost].[/] - Initializing Spring DispatcherServlet 'dispatcherServlet'
2026-05-14 14:10:48 INFO  o.s.web.servlet.DispatcherServlet - Initializing Servlet 'dispatcherServlet'
2026-05-14 14:10:48 INFO  o.s.web.servlet.DispatcherServlet - Completed initialization in 0 ms
2026-05-14 14:10:48 INFO  c.b.autor.controller.AutorController - Recibiendo solicitud para listar autores
2026-05-14 14:11:04 INFO  c.b.autor.controller.AutorController - Recibiendo solicitud para guardar autor
2026-05-14 14:12:36 INFO  c.b.autor.controller.AutorController - Recibiendo solicitud para actualizar Autor por ID: 1
2026-05-14 14:14:28 INFO  c.biblioteca.autor.AutorApplication - Starting AutorApplication using Java 17.0.17 with PID 13368 (C:\Users\Rodrigo\Desktop\2026 1semestre\fullstack\proyecto biblioteca FS\autor\autor\target\classes started by Rodrigo in C:\Users\Rodrigo\Desktop\2026 1semestre\fullstack\proyecto biblioteca FS\autor)
2026-05-14 14:14:28 DEBUG c.biblioteca.autor.AutorApplication - Running with Spring Boot v4.0.5, Spring v7.0.6
2026-05-14 14:14:28 INFO  c.biblioteca.autor.AutorApplication - No active profile set, falling back to 1 default profile: "default"
2026-05-14 14:14:32 INFO  o.s.d.r.c.RepositoryConfigurationDelegate - Bootstrapping Spring Data JPA repositories in DEFAULT mode.
2026-05-14 14:14:32 INFO  o.s.d.r.c.RepositoryConfigurationDelegate - Finished Spring Data repository scanning in 221 ms. Found 1 JPA repository interface.
2026-05-14 14:14:35 INFO  o.s.boot.tomcat.TomcatWebServer - Tomcat initialized with port 8089 (http)
2026-05-14 14:14:35 INFO  o.a.catalina.core.StandardService - Starting service [Tomcat]
2026-05-14 14:14:35 INFO  o.a.catalina.core.StandardEngine - Starting Servlet engine: [Apache Tomcat/11.0.20]
2026-05-14 14:14:35 INFO  o.s.b.w.c.s.WebApplicationContextInitializer - Root WebApplicationContext: initialization completed in 6960 ms
2026-05-14 14:14:36 INFO  org.hibernate.orm.jpa - HHH008540: Processing PersistenceUnitInfo [name: default]
2026-05-14 14:14:37 INFO  org.hibernate.orm.core - HHH000001: Hibernate ORM core version 7.2.7.Final
2026-05-14 14:14:39 INFO  o.s.o.j.p.SpringPersistenceUnitInfo - No LoadTimeWeaver setup: ignoring JPA class transformer
2026-05-14 14:14:39 INFO  com.zaxxer.hikari.HikariDataSource - HikariPool-1 - Starting...
2026-05-14 14:14:40 INFO  com.zaxxer.hikari.pool.HikariPool - HikariPool-1 - Added connection conn0: url=jdbc:h2:mem:autor_db user=SA
2026-05-14 14:14:40 INFO  com.zaxxer.hikari.HikariDataSource - HikariPool-1 - Start completed.
2026-05-14 14:14:40 WARN  org.hibernate.orm.deprecation - HHH90000025: H2Dialect does not need to be specified explicitly using 'hibernate.dialect' (remove the property setting and it will be selected by default)
2026-05-14 14:14:40 INFO  o.hibernate.orm.connections.pooling - HHH10001005: Database info:
	Database JDBC URL [jdbc:h2:mem:autor_db]
	Database driver: H2 JDBC Driver
	Database dialect: H2Dialect
	Database version: 2.4.240
	Default catalog/schema: AUTOR_DB/PUBLIC
	Autocommit mode: undefined/unknown
	Isolation level: READ_COMMITTED [default READ_COMMITTED]
	JDBC fetch size: 100
	Pool: DataSourceConnectionProvider
	Minimum pool size: undefined/unknown
	Maximum pool size: undefined/unknown
2026-05-14 14:14:43 INFO  org.hibernate.orm.core - HHH000489: No JTA platform available (set 'hibernate.transaction.jta.platform' to enable JTA platform integration)
2026-05-14 14:14:44 INFO  o.s.o.j.LocalContainerEntityManagerFactoryBean - Initialized JPA EntityManagerFactory for persistence unit 'default'
2026-05-14 14:14:44 INFO  o.s.d.j.r.q.QueryEnhancerFactories - Hibernate is in classpath; If applicable, HQL parser will be used.
2026-05-14 14:14:45 WARN  o.s.b.j.a.JpaBaseConfiguration$JpaWebConfiguration - spring.jpa.open-in-view is enabled by default. Therefore, database queries may be performed during view rendering. Explicitly configure spring.jpa.open-in-view to disable this warning
2026-05-14 14:14:46 INFO  o.s.s.c.a.a.c.InitializeUserDetailsBeanManagerConfigurer$InitializeUserDetailsManagerConfigurer - Global AuthenticationManager configured with UserDetailsService bean with name userDetailsService
2026-05-14 14:14:48 INFO  o.s.boot.tomcat.TomcatWebServer - Tomcat started on port 8089 (http) with context path '/'
2026-05-14 14:14:48 INFO  c.biblioteca.autor.AutorApplication - Started AutorApplication in 21.793 seconds (process running for 23.099)
2026-05-14 14:22:44 INFO  o.a.c.c.C.[Tomcat].[localhost].[/] - Initializing Spring DispatcherServlet 'dispatcherServlet'
2026-05-14 14:22:44 INFO  o.s.web.servlet.DispatcherServlet - Initializing Servlet 'dispatcherServlet'
2026-05-14 14:22:44 INFO  o.s.web.servlet.DispatcherServlet - Completed initialization in 3 ms
2026-05-14 14:22:45 INFO  c.b.autor.controller.AutorController - Recibiendo solicitud para listar autores
2026-05-14 14:22:55 INFO  c.b.autor.controller.AutorController - Recibiendo solicitud para guardar autor
2026-05-14 14:24:01 INFO  c.b.autor.controller.AutorController - Recibiendo solicitud para buscar autor por el primero apellido
2026-05-14 14:24:15 INFO  c.b.autor.controller.AutorController - Recibiendo solicitud para buscar autor por el primero apellido
2026-05-14 14:24:23 INFO  c.b.autor.controller.AutorController - Recibiendo solicitud para buscar autor por el primero apellido
2026-05-14 14:57:46 INFO  c.biblioteca.autor.AutorApplication - Starting AutorApplication using Java 17.0.17 with PID 5248 (C:\Users\Rodrigo\Desktop\2026 1semestre\fullstack\proyecto biblioteca FS\autor\autor\target\classes started by Rodrigo in C:\Users\Rodrigo\Desktop\2026 1semestre\fullstack\proyecto biblioteca FS\autor)
2026-05-14 14:57:46 DEBUG c.biblioteca.autor.AutorApplication - Running with Spring Boot v4.0.5, Spring v7.0.6
2026-05-14 14:57:46 INFO  c.biblioteca.autor.AutorApplication - No active profile set, falling back to 1 default profile: "default"
2026-05-14 14:57:49 INFO  o.s.d.r.c.RepositoryConfigurationDelegate - Bootstrapping Spring Data JPA repositories in DEFAULT mode.
2026-05-14 14:57:50 INFO  o.s.d.r.c.RepositoryConfigurationDelegate - Finished Spring Data repository scanning in 200 ms. Found 1 JPA repository interface.
2026-05-14 14:57:52 INFO  o.s.boot.tomcat.TomcatWebServer - Tomcat initialized with port 8089 (http)
2026-05-14 14:57:52 INFO  o.a.catalina.core.StandardService - Starting service [Tomcat]
2026-05-14 14:57:52 INFO  o.a.catalina.core.StandardEngine - Starting Servlet engine: [Apache Tomcat/11.0.20]
2026-05-14 14:57:52 INFO  o.s.b.w.c.s.WebApplicationContextInitializer - Root WebApplicationContext: initialization completed in 6203 ms
2026-05-14 14:57:53 INFO  org.hibernate.orm.jpa - HHH008540: Processing PersistenceUnitInfo [name: default]
2026-05-14 14:57:54 INFO  org.hibernate.orm.core - HHH000001: Hibernate ORM core version 7.2.7.Final
2026-05-14 14:57:56 INFO  o.s.o.j.p.SpringPersistenceUnitInfo - No LoadTimeWeaver setup: ignoring JPA class transformer
2026-05-14 14:57:57 INFO  com.zaxxer.hikari.HikariDataSource - HikariPool-1 - Starting...
2026-05-14 14:57:57 INFO  com.zaxxer.hikari.pool.HikariPool - HikariPool-1 - Added connection conn0: url=jdbc:h2:mem:autor_db user=SA
2026-05-14 14:57:57 INFO  com.zaxxer.hikari.HikariDataSource - HikariPool-1 - Start completed.
2026-05-14 14:57:58 WARN  org.hibernate.orm.deprecation - HHH90000025: H2Dialect does not need to be specified explicitly using 'hibernate.dialect' (remove the property setting and it will be selected by default)
2026-05-14 14:57:58 INFO  o.hibernate.orm.connections.pooling - HHH10001005: Database info:
	Database JDBC URL [jdbc:h2:mem:autor_db]
	Database driver: H2 JDBC Driver
	Database dialect: H2Dialect
	Database version: 2.4.240
	Default catalog/schema: AUTOR_DB/PUBLIC
	Autocommit mode: undefined/unknown
	Isolation level: READ_COMMITTED [default READ_COMMITTED]
	JDBC fetch size: 100
	Pool: DataSourceConnectionProvider
	Minimum pool size: undefined/unknown
	Maximum pool size: undefined/unknown
2026-05-14 14:58:00 INFO  org.hibernate.orm.core - HHH000489: No JTA platform available (set 'hibernate.transaction.jta.platform' to enable JTA platform integration)
2026-05-14 14:58:01 INFO  o.s.o.j.LocalContainerEntityManagerFactoryBean - Initialized JPA EntityManagerFactory for persistence unit 'default'
2026-05-14 14:58:01 INFO  o.s.d.j.r.q.QueryEnhancerFactories - Hibernate is in classpath; If applicable, HQL parser will be used.
2026-05-14 14:58:02 WARN  o.s.b.j.a.JpaBaseConfiguration$JpaWebConfiguration - spring.jpa.open-in-view is enabled by default. Therefore, database queries may be performed during view rendering. Explicitly configure spring.jpa.open-in-view to disable this warning
2026-05-14 14:58:03 INFO  o.s.s.c.a.a.c.InitializeUserDetailsBeanManagerConfigurer$InitializeUserDetailsManagerConfigurer - Global AuthenticationManager configured with UserDetailsService bean with name userDetailsService
2026-05-14 14:58:05 INFO  o.s.boot.tomcat.TomcatWebServer - Tomcat started on port 8089 (http) with context path '/'
2026-05-14 14:58:05 INFO  c.biblioteca.autor.AutorApplication - Started AutorApplication in 20.73 seconds (process running for 21.987)
2026-05-14 14:58:19 INFO  o.a.c.c.C.[Tomcat].[localhost].[/] - Initializing Spring DispatcherServlet 'dispatcherServlet'
2026-05-14 14:58:19 INFO  o.s.web.servlet.DispatcherServlet - Initializing Servlet 'dispatcherServlet'
2026-05-14 14:58:19 INFO  o.s.web.servlet.DispatcherServlet - Completed initialization in 11 ms
2026-05-14 14:58:25 INFO  c.b.autor.controller.AutorController - Recibiendo solicitud para listar autores
2026-05-14 14:58:41 INFO  c.b.autor.controller.AutorController - Recibiendo solicitud para guardar autor
2026-05-14 14:59:01 INFO  c.b.autor.controller.AutorController - Recibiendo solicitud para buscar autor por el primero apellido
2026-05-14 14:59:22 INFO  c.b.autor.controller.AutorController - Recibiendo solicitud para listar autores
2026-05-14 14:59:38 INFO  c.b.autor.controller.AutorController - Recibiendo solicitud para buscar autor por el primero apellido
2026-05-14 15:00:18 INFO  c.b.autor.controller.AutorController - Recibiendo solicitud para buscar autor por el primero apellido
2026-05-14 15:01:04 INFO  c.b.autor.controller.AutorController - Recibiendo solicitud para buscar autor por el primero apellido
2026-05-14 15:03:00 INFO  c.biblioteca.autor.AutorApplication - Starting AutorApplication using Java 17.0.17 with PID 7488 (C:\Users\Rodrigo\Desktop\2026 1semestre\fullstack\proyecto biblioteca FS\autor\autor\target\classes started by Rodrigo in C:\Users\Rodrigo\Desktop\2026 1semestre\fullstack\proyecto biblioteca FS\autor)
2026-05-14 15:03:00 DEBUG c.biblioteca.autor.AutorApplication - Running with Spring Boot v4.0.5, Spring v7.0.6
2026-05-14 15:03:00 INFO  c.biblioteca.autor.AutorApplication - No active profile set, falling back to 1 default profile: "default"
2026-05-14 15:03:04 INFO  o.s.d.r.c.RepositoryConfigurationDelegate - Bootstrapping Spring Data JPA repositories in DEFAULT mode.
2026-05-14 15:03:04 INFO  o.s.d.r.c.RepositoryConfigurationDelegate - Finished Spring Data repository scanning in 153 ms. Found 1 JPA repository interface.
2026-05-14 15:03:07 INFO  o.s.boot.tomcat.TomcatWebServer - Tomcat initialized with port 8089 (http)
2026-05-14 15:03:07 INFO  o.a.catalina.core.StandardService - Starting service [Tomcat]
2026-05-14 15:03:07 INFO  o.a.catalina.core.StandardEngine - Starting Servlet engine: [Apache Tomcat/11.0.20]
2026-05-14 15:03:07 INFO  o.s.b.w.c.s.WebApplicationContextInitializer - Root WebApplicationContext: initialization completed in 6621 ms
2026-05-14 15:03:08 INFO  org.hibernate.orm.jpa - HHH008540: Processing PersistenceUnitInfo [name: default]
2026-05-14 15:03:08 INFO  org.hibernate.orm.core - HHH000001: Hibernate ORM core version 7.2.7.Final
2026-05-14 15:03:11 INFO  o.s.o.j.p.SpringPersistenceUnitInfo - No LoadTimeWeaver setup: ignoring JPA class transformer
2026-05-14 15:03:11 INFO  com.zaxxer.hikari.HikariDataSource - HikariPool-1 - Starting...
2026-05-14 15:03:12 INFO  com.zaxxer.hikari.pool.HikariPool - HikariPool-1 - Added connection conn0: url=jdbc:h2:mem:autor_db user=SA
2026-05-14 15:03:12 INFO  com.zaxxer.hikari.HikariDataSource - HikariPool-1 - Start completed.
2026-05-14 15:03:12 WARN  org.hibernate.orm.deprecation - HHH90000025: H2Dialect does not need to be specified explicitly using 'hibernate.dialect' (remove the property setting and it will be selected by default)
2026-05-14 15:03:12 INFO  o.hibernate.orm.connections.pooling - HHH10001005: Database info:
	Database JDBC URL [jdbc:h2:mem:autor_db]
	Database driver: H2 JDBC Driver
	Database dialect: H2Dialect
	Database version: 2.4.240
	Default catalog/schema: AUTOR_DB/PUBLIC
	Autocommit mode: undefined/unknown
	Isolation level: READ_COMMITTED [default READ_COMMITTED]
	JDBC fetch size: 100
	Pool: DataSourceConnectionProvider
	Minimum pool size: undefined/unknown
	Maximum pool size: undefined/unknown
2026-05-14 15:03:15 INFO  org.hibernate.orm.core - HHH000489: No JTA platform available (set 'hibernate.transaction.jta.platform' to enable JTA platform integration)
2026-05-14 15:03:15 INFO  o.s.o.j.LocalContainerEntityManagerFactoryBean - Initialized JPA EntityManagerFactory for persistence unit 'default'
2026-05-14 15:03:16 INFO  o.s.d.j.r.q.QueryEnhancerFactories - Hibernate is in classpath; If applicable, HQL parser will be used.
2026-05-14 15:03:17 WARN  o.s.b.j.a.JpaBaseConfiguration$JpaWebConfiguration - spring.jpa.open-in-view is enabled by default. Therefore, database queries may be performed during view rendering. Explicitly configure spring.jpa.open-in-view to disable this warning
2026-05-14 15:03:17 INFO  o.s.s.c.a.a.c.InitializeUserDetailsBeanManagerConfigurer$InitializeUserDetailsManagerConfigurer - Global AuthenticationManager configured with UserDetailsService bean with name userDetailsService
2026-05-14 15:03:19 INFO  o.s.boot.tomcat.TomcatWebServer - Tomcat started on port 8089 (http) with context path '/'
2026-05-14 15:03:19 INFO  c.biblioteca.autor.AutorApplication - Started AutorApplication in 20.503 seconds (process running for 21.706)
2026-05-14 15:03:35 INFO  o.a.c.c.C.[Tomcat].[localhost].[/] - Initializing Spring DispatcherServlet 'dispatcherServlet'
2026-05-14 15:03:35 INFO  o.s.web.servlet.DispatcherServlet - Initializing Servlet 'dispatcherServlet'
2026-05-14 15:03:35 INFO  o.s.web.servlet.DispatcherServlet - Completed initialization in 8 ms
2026-05-14 15:03:35 INFO  c.b.autor.controller.AutorController - Recibiendo solicitud para listar autores
2026-05-14 15:03:46 INFO  c.b.autor.controller.AutorController - Recibiendo solicitud para guardar autor
2026-05-14 15:06:49 INFO  c.b.autor.controller.AutorController - Recibiendo solicitud para buscar autor por ID
2026-05-14 15:07:01 INFO  c.b.autor.controller.AutorController - Recibiendo solicitud para buscar autor por el primer nombre
2026-05-14 15:07:23 INFO  c.b.autor.controller.AutorController - Recibiendo solicitud para buscar autor por el primer apellido
2026-05-14 15:08:24 INFO  c.b.autor.controller.AutorController - Recibiendo solicitud para buscar autor por el primer apellido
2026-05-14 15:15:49 INFO  c.b.autor.controller.AutorController - Recibiendo solicitud para buscar autor por el primer nombre
2026-05-14 15:29:38 INFO  c.biblioteca.autor.AutorApplication - Starting AutorApplication using Java 17.0.17 with PID 13788 (C:\Users\Rodrigo\Desktop\2026 1semestre\fullstack\proyecto biblioteca FS\autor\autor\target\classes started by Rodrigo in C:\Users\Rodrigo\Desktop\2026 1semestre\fullstack\proyecto biblioteca FS\autor)
2026-05-14 15:29:38 DEBUG c.biblioteca.autor.AutorApplication - Running with Spring Boot v4.0.5, Spring v7.0.6
2026-05-14 15:29:38 INFO  c.biblioteca.autor.AutorApplication - No active profile set, falling back to 1 default profile: "default"
2026-05-14 15:29:42 INFO  o.s.d.r.c.RepositoryConfigurationDelegate - Bootstrapping Spring Data JPA repositories in DEFAULT mode.
2026-05-14 15:29:42 INFO  o.s.d.r.c.RepositoryConfigurationDelegate - Finished Spring Data repository scanning in 308 ms. Found 1 JPA repository interface.
2026-05-14 15:29:45 INFO  o.s.boot.tomcat.TomcatWebServer - Tomcat initialized with port 8089 (http)
2026-05-14 15:29:45 INFO  o.a.catalina.core.StandardService - Starting service [Tomcat]
2026-05-14 15:29:45 INFO  o.a.catalina.core.StandardEngine - Starting Servlet engine: [Apache Tomcat/11.0.20]
2026-05-14 15:29:45 INFO  o.s.b.w.c.s.WebApplicationContextInitializer - Root WebApplicationContext: initialization completed in 7015 ms
2026-05-14 15:29:46 INFO  org.hibernate.orm.jpa - HHH008540: Processing PersistenceUnitInfo [name: default]
2026-05-14 15:29:47 INFO  org.hibernate.orm.core - HHH000001: Hibernate ORM core version 7.2.7.Final
2026-05-14 15:29:50 INFO  o.s.o.j.p.SpringPersistenceUnitInfo - No LoadTimeWeaver setup: ignoring JPA class transformer
2026-05-14 15:29:50 INFO  com.zaxxer.hikari.HikariDataSource - HikariPool-1 - Starting...
2026-05-14 15:29:51 INFO  com.zaxxer.hikari.pool.HikariPool - HikariPool-1 - Added connection conn0: url=jdbc:h2:mem:autor_db user=SA
2026-05-14 15:29:51 INFO  com.zaxxer.hikari.HikariDataSource - HikariPool-1 - Start completed.
2026-05-14 15:29:51 WARN  org.hibernate.orm.deprecation - HHH90000025: H2Dialect does not need to be specified explicitly using 'hibernate.dialect' (remove the property setting and it will be selected by default)
2026-05-14 15:29:51 INFO  o.hibernate.orm.connections.pooling - HHH10001005: Database info:
	Database JDBC URL [jdbc:h2:mem:autor_db]
	Database driver: H2 JDBC Driver
	Database dialect: H2Dialect
	Database version: 2.4.240
	Default catalog/schema: AUTOR_DB/PUBLIC
	Autocommit mode: undefined/unknown
	Isolation level: READ_COMMITTED [default READ_COMMITTED]
	JDBC fetch size: 100
	Pool: DataSourceConnectionProvider
	Minimum pool size: undefined/unknown
	Maximum pool size: undefined/unknown
2026-05-14 15:29:53 INFO  org.hibernate.orm.core - HHH000489: No JTA platform available (set 'hibernate.transaction.jta.platform' to enable JTA platform integration)
2026-05-14 15:29:54 INFO  o.s.o.j.LocalContainerEntityManagerFactoryBean - Initialized JPA EntityManagerFactory for persistence unit 'default'
2026-05-14 15:29:54 INFO  o.s.d.j.r.q.QueryEnhancerFactories - Hibernate is in classpath; If applicable, HQL parser will be used.
2026-05-14 15:29:56 WARN  o.s.b.j.a.JpaBaseConfiguration$JpaWebConfiguration - spring.jpa.open-in-view is enabled by default. Therefore, database queries may be performed during view rendering. Explicitly configure spring.jpa.open-in-view to disable this warning
2026-05-14 15:29:56 INFO  o.s.s.c.a.a.c.InitializeUserDetailsBeanManagerConfigurer$InitializeUserDetailsManagerConfigurer - Global AuthenticationManager configured with UserDetailsService bean with name userDetailsService
2026-05-14 15:29:58 INFO  o.s.boot.tomcat.TomcatWebServer - Tomcat started on port 8089 (http) with context path '/'
2026-05-14 15:29:58 INFO  c.biblioteca.autor.AutorApplication - Started AutorApplication in 22.312 seconds (process running for 23.608)
2026-05-14 15:30:48 INFO  o.a.c.c.C.[Tomcat].[localhost].[/] - Initializing Spring DispatcherServlet 'dispatcherServlet'
2026-05-14 15:30:48 INFO  o.s.web.servlet.DispatcherServlet - Initializing Servlet 'dispatcherServlet'
2026-05-14 15:30:48 INFO  o.s.web.servlet.DispatcherServlet - Completed initialization in 19 ms
2026-05-14 15:30:49 INFO  c.b.autor.controller.AutorController - Recibiendo solicitud para listar autores
2026-05-14 15:31:15 INFO  c.b.autor.controller.AutorController - Recibiendo solicitud para guardar autor
2026-05-14 15:31:24 INFO  c.b.autor.controller.AutorController - Recibiendo solicitud para listar autores
2026-05-14 15:31:39 INFO  c.b.autor.controller.AutorController - Recibiendo solicitud para buscar autor por el primer apellido
2026-05-14 15:51:08 INFO  c.biblioteca.autor.AutorApplication - Starting AutorApplication using Java 17.0.17 with PID 2100 (C:\Users\Rodrigo\Desktop\2026 1semestre\fullstack\proyecto biblioteca FS\autor\autor\target\classes started by Rodrigo in C:\Users\Rodrigo\Desktop\2026 1semestre\fullstack\proyecto biblioteca FS\autor)
2026-05-14 15:51:08 DEBUG c.biblioteca.autor.AutorApplication - Running with Spring Boot v4.0.5, Spring v7.0.6
2026-05-14 15:51:08 INFO  c.biblioteca.autor.AutorApplication - No active profile set, falling back to 1 default profile: "default"
2026-05-14 15:51:12 INFO  o.s.d.r.c.RepositoryConfigurationDelegate - Bootstrapping Spring Data JPA repositories in DEFAULT mode.
2026-05-14 15:51:12 INFO  o.s.d.r.c.RepositoryConfigurationDelegate - Finished Spring Data repository scanning in 235 ms. Found 1 JPA repository interface.
2026-05-14 15:51:15 INFO  o.s.boot.tomcat.TomcatWebServer - Tomcat initialized with port 8089 (http)
2026-05-14 15:51:15 INFO  o.a.catalina.core.StandardService - Starting service [Tomcat]
2026-05-14 15:51:15 INFO  o.a.catalina.core.StandardEngine - Starting Servlet engine: [Apache Tomcat/11.0.20]
2026-05-14 15:51:15 INFO  o.s.b.w.c.s.WebApplicationContextInitializer - Root WebApplicationContext: initialization completed in 6213 ms
2026-05-14 15:51:16 INFO  org.hibernate.orm.jpa - HHH008540: Processing PersistenceUnitInfo [name: default]
2026-05-14 15:51:16 INFO  org.hibernate.orm.core - HHH000001: Hibernate ORM core version 7.2.7.Final
2026-05-14 15:51:19 INFO  o.s.o.j.p.SpringPersistenceUnitInfo - No LoadTimeWeaver setup: ignoring JPA class transformer
2026-05-14 15:51:19 INFO  com.zaxxer.hikari.HikariDataSource - HikariPool-1 - Starting...
2026-05-14 15:51:20 INFO  com.zaxxer.hikari.pool.HikariPool - HikariPool-1 - Added connection conn0: url=jdbc:h2:mem:autor_db user=SA
2026-05-14 15:51:20 INFO  com.zaxxer.hikari.HikariDataSource - HikariPool-1 - Start completed.
2026-05-14 15:51:20 WARN  org.hibernate.orm.deprecation - HHH90000025: H2Dialect does not need to be specified explicitly using 'hibernate.dialect' (remove the property setting and it will be selected by default)
2026-05-14 15:51:20 INFO  o.hibernate.orm.connections.pooling - HHH10001005: Database info:
	Database JDBC URL [jdbc:h2:mem:autor_db]
	Database driver: H2 JDBC Driver
	Database dialect: H2Dialect
	Database version: 2.4.240
	Default catalog/schema: AUTOR_DB/PUBLIC
	Autocommit mode: undefined/unknown
	Isolation level: READ_COMMITTED [default READ_COMMITTED]
	JDBC fetch size: 100
	Pool: DataSourceConnectionProvider
	Minimum pool size: undefined/unknown
	Maximum pool size: undefined/unknown
2026-05-14 15:51:23 INFO  org.hibernate.orm.core - HHH000489: No JTA platform available (set 'hibernate.transaction.jta.platform' to enable JTA platform integration)
2026-05-14 15:51:23 INFO  o.s.o.j.LocalContainerEntityManagerFactoryBean - Initialized JPA EntityManagerFactory for persistence unit 'default'
2026-05-14 15:51:23 INFO  o.s.d.j.r.q.QueryEnhancerFactories - Hibernate is in classpath; If applicable, HQL parser will be used.
2026-05-14 15:51:24 WARN  o.s.b.j.a.JpaBaseConfiguration$JpaWebConfiguration - spring.jpa.open-in-view is enabled by default. Therefore, database queries may be performed during view rendering. Explicitly configure spring.jpa.open-in-view to disable this warning
2026-05-14 15:51:25 INFO  o.s.s.c.a.a.c.InitializeUserDetailsBeanManagerConfigurer$InitializeUserDetailsManagerConfigurer - Global AuthenticationManager configured with UserDetailsService bean with name userDetailsService
2026-05-14 15:51:27 INFO  o.s.boot.tomcat.TomcatWebServer - Tomcat started on port 8089 (http) with context path '/'
2026-05-14 15:51:27 INFO  c.biblioteca.autor.AutorApplication - Started AutorApplication in 21.108 seconds (process running for 22.368)
2026-05-14 15:52:36 INFO  o.a.c.c.C.[Tomcat].[localhost].[/] - Initializing Spring DispatcherServlet 'dispatcherServlet'
2026-05-14 15:52:36 INFO  o.s.web.servlet.DispatcherServlet - Initializing Servlet 'dispatcherServlet'
2026-05-14 15:52:36 INFO  o.s.web.servlet.DispatcherServlet - Completed initialization in 0 ms
2026-05-14 15:52:36 INFO  c.b.autor.controller.AutorController - Recibiendo solicitud para listar autores
2026-05-14 15:52:45 INFO  c.b.autor.controller.AutorController - Recibiendo solicitud para guardar autor
2026-05-14 15:52:52 INFO  c.b.autor.controller.AutorController - Recibiendo solicitud para listar autores
2026-05-14 15:53:01 INFO  c.b.autor.controller.AutorController - Recibiendo solicitud para buscar autor por ID
2026-05-14 15:53:06 INFO  c.b.autor.controller.AutorController - Recibiendo solicitud para buscar autor por ID
2026-05-14 15:53:27 INFO  c.b.autor.controller.AutorController - Recibiendo solicitud para buscar autor por el primer apellido
2026-05-14 15:53:45 INFO  c.b.autor.controller.AutorController - Recibiendo solicitud para buscar autor por el primer nombre
2026-05-14 15:54:26 INFO  c.b.autor.controller.AutorController - Recibiendo solicitud para eliminar autor
2026-05-14 15:54:43 INFO  c.b.autor.controller.AutorController - Recibiendo solicitud para listar autores
