2026-04-29 17:50:22 INFO  c.biblioteca.autor.AutorApplication - Starting AutorApplication using Java 17.0.17 with PID 8300 (C:\Users\Rodrigo\Desktop\2026 1semestre\fullstack\proyecto biblioteca FS\autor\autor\target\classes started by Rodrigo in C:\Users\Rodrigo\Desktop\2026 1semestre\fullstack\proyecto biblioteca FS\autor)
2026-04-29 17:50:22 DEBUG c.biblioteca.autor.AutorApplication - Running with Spring Boot v4.0.5, Spring v7.0.6
2026-04-29 17:50:22 INFO  c.biblioteca.autor.AutorApplication - No active profile set, falling back to 1 default profile: "default"
2026-04-29 17:50:28 INFO  o.s.d.r.c.RepositoryConfigurationDelegate - Bootstrapping Spring Data JPA repositories in DEFAULT mode.
2026-04-29 17:50:28 INFO  o.s.d.r.c.RepositoryConfigurationDelegate - Finished Spring Data repository scanning in 78 ms. Found 0 JPA repository interfaces.
2026-04-29 17:50:31 INFO  o.s.boot.tomcat.TomcatWebServer - Tomcat initialized with port 8080 (http)
2026-04-29 17:50:31 INFO  o.a.catalina.core.StandardService - Starting service [Tomcat]
2026-04-29 17:50:31 INFO  o.a.catalina.core.StandardEngine - Starting Servlet engine: [Apache Tomcat/11.0.20]
2026-04-29 17:50:32 INFO  o.s.b.w.c.s.WebApplicationContextInitializer - Root WebApplicationContext: initialization completed in 8797 ms
2026-04-29 17:50:32 INFO  org.hibernate.orm.jpa - HHH008540: Processing PersistenceUnitInfo [name: default]
2026-04-29 17:50:33 INFO  org.hibernate.orm.core - HHH000001: Hibernate ORM core version 7.2.7.Final
2026-04-29 17:50:36 INFO  o.s.o.j.p.SpringPersistenceUnitInfo - No LoadTimeWeaver setup: ignoring JPA class transformer
2026-04-29 17:50:36 INFO  com.zaxxer.hikari.HikariDataSource - HikariPool-1 - Starting...
2026-04-29 17:50:37 INFO  com.zaxxer.hikari.pool.HikariPool - HikariPool-1 - Added connection conn0: url=jdbc:h2:mem:persona_db user=SA
2026-04-29 17:50:37 INFO  com.zaxxer.hikari.HikariDataSource - HikariPool-1 - Start completed.
2026-04-29 17:50:37 WARN  org.hibernate.orm.deprecation - HHH90000025: H2Dialect does not need to be specified explicitly using 'hibernate.dialect' (remove the property setting and it will be selected by default)
2026-04-29 17:50:37 INFO  o.hibernate.orm.connections.pooling - HHH10001005: Database info:
	Database JDBC URL [jdbc:h2:mem:persona_db]
	Database driver: H2 JDBC Driver
	Database dialect: H2Dialect
	Database version: 2.4.240
	Default catalog/schema: PERSONA_DB/PUBLIC
	Autocommit mode: undefined/unknown
	Isolation level: READ_COMMITTED [default READ_COMMITTED]
	JDBC fetch size: 100
	Pool: DataSourceConnectionProvider
	Minimum pool size: undefined/unknown
	Maximum pool size: undefined/unknown
2026-04-29 17:50:41 INFO  org.hibernate.orm.core - HHH000489: No JTA platform available (set 'hibernate.transaction.jta.platform' to enable JTA platform integration)
2026-04-29 17:50:41 INFO  o.s.o.j.LocalContainerEntityManagerFactoryBean - Initialized JPA EntityManagerFactory for persistence unit 'default'
2026-04-29 17:50:41 WARN  o.s.b.w.s.s.c.AnnotationConfigServletWebServerApplicationContext - Exception encountered during context initialization - cancelling refresh attempt: org.springframework.beans.factory.UnsatisfiedDependencyException: Error creating bean with name 'autorController': Unsatisfied dependency expressed through field 'autorService': Error creating bean with name 'autorService': Unsatisfied dependency expressed through field 'autorRepository': No qualifying bean of type 'com.biblioteca.autor.repository.AutorRepository' available: expected at least 1 bean which qualifies as autowire candidate. Dependency annotations: {@org.springframework.beans.factory.annotation.Autowired(required=true)}
2026-04-29 17:50:41 INFO  o.s.o.j.LocalContainerEntityManagerFactoryBean - Closing JPA EntityManagerFactory for persistence unit 'default'
2026-04-29 17:50:41 INFO  com.zaxxer.hikari.HikariDataSource - HikariPool-1 - Shutdown initiated...
2026-04-29 17:50:41 INFO  com.zaxxer.hikari.HikariDataSource - HikariPool-1 - Shutdown completed.
2026-04-29 17:50:41 INFO  o.a.catalina.core.StandardService - Stopping service [Tomcat]
2026-04-29 17:50:41 INFO  o.s.b.a.l.ConditionEvaluationReportLogger - 

Error starting ApplicationContext. To display the condition evaluation report re-run your application with 'debug' enabled.
2026-04-29 17:50:41 ERROR o.s.b.d.LoggingFailureAnalysisReporter - 

***************************
APPLICATION FAILED TO START
***************************

Description:

Field autorRepository in com.biblioteca.autor.service.AutorService required a bean of type 'com.biblioteca.autor.repository.AutorRepository' that could not be found.

The injection point has the following annotations:
	- @org.springframework.beans.factory.annotation.Autowired(required=true)


Action:

Consider defining a bean of type 'com.biblioteca.autor.repository.AutorRepository' in your configuration.

2026-04-29 18:36:40 INFO  c.biblioteca.autor.AutorApplication - Starting AutorApplication using Java 17.0.17 with PID 11544 (C:\Users\Rodrigo\Desktop\2026 1semestre\fullstack\proyecto biblioteca FS\autor\autor\target\classes started by Rodrigo in C:\Users\Rodrigo\Desktop\2026 1semestre\fullstack\proyecto biblioteca FS\autor)
2026-04-29 18:36:40 DEBUG c.biblioteca.autor.AutorApplication - Running with Spring Boot v4.0.5, Spring v7.0.6
2026-04-29 18:36:40 INFO  c.biblioteca.autor.AutorApplication - No active profile set, falling back to 1 default profile: "default"
2026-04-29 18:36:43 INFO  o.s.d.r.c.RepositoryConfigurationDelegate - Bootstrapping Spring Data JPA repositories in DEFAULT mode.
2026-04-29 18:36:44 INFO  o.s.d.r.c.RepositoryConfigurationDelegate - Finished Spring Data repository scanning in 552 ms. Found 1 JPA repository interface.
2026-04-29 18:36:46 INFO  o.s.boot.tomcat.TomcatWebServer - Tomcat initialized with port 8080 (http)
2026-04-29 18:36:47 INFO  o.a.catalina.core.StandardService - Starting service [Tomcat]
2026-04-29 18:36:47 INFO  o.a.catalina.core.StandardEngine - Starting Servlet engine: [Apache Tomcat/11.0.20]
2026-04-29 18:36:47 INFO  o.s.b.w.c.s.WebApplicationContextInitializer - Root WebApplicationContext: initialization completed in 6599 ms
2026-04-29 18:36:48 INFO  org.hibernate.orm.jpa - HHH008540: Processing PersistenceUnitInfo [name: default]
2026-04-29 18:36:48 INFO  org.hibernate.orm.core - HHH000001: Hibernate ORM core version 7.2.7.Final
2026-04-29 18:36:50 INFO  o.s.o.j.p.SpringPersistenceUnitInfo - No LoadTimeWeaver setup: ignoring JPA class transformer
2026-04-29 18:36:51 INFO  com.zaxxer.hikari.HikariDataSource - HikariPool-1 - Starting...
2026-04-29 18:36:51 INFO  com.zaxxer.hikari.pool.HikariPool - HikariPool-1 - Added connection conn0: url=jdbc:h2:mem:persona_db user=SA
2026-04-29 18:36:51 INFO  com.zaxxer.hikari.HikariDataSource - HikariPool-1 - Start completed.
2026-04-29 18:36:52 WARN  org.hibernate.orm.deprecation - HHH90000025: H2Dialect does not need to be specified explicitly using 'hibernate.dialect' (remove the property setting and it will be selected by default)
2026-04-29 18:36:52 INFO  o.hibernate.orm.connections.pooling - HHH10001005: Database info:
	Database JDBC URL [jdbc:h2:mem:persona_db]
	Database driver: H2 JDBC Driver
	Database dialect: H2Dialect
	Database version: 2.4.240
	Default catalog/schema: PERSONA_DB/PUBLIC
	Autocommit mode: undefined/unknown
	Isolation level: READ_COMMITTED [default READ_COMMITTED]
	JDBC fetch size: 100
	Pool: DataSourceConnectionProvider
	Minimum pool size: undefined/unknown
	Maximum pool size: undefined/unknown
2026-04-29 18:36:55 INFO  org.hibernate.orm.core - HHH000489: No JTA platform available (set 'hibernate.transaction.jta.platform' to enable JTA platform integration)
2026-04-29 18:36:55 INFO  o.s.o.j.LocalContainerEntityManagerFactoryBean - Initialized JPA EntityManagerFactory for persistence unit 'default'
2026-04-29 18:36:55 INFO  o.s.d.j.r.q.QueryEnhancerFactories - Hibernate is in classpath; If applicable, HQL parser will be used.
2026-04-29 18:36:56 WARN  o.s.b.j.a.JpaBaseConfiguration$JpaWebConfiguration - spring.jpa.open-in-view is enabled by default. Therefore, database queries may be performed during view rendering. Explicitly configure spring.jpa.open-in-view to disable this warning
2026-04-29 18:36:57 INFO  o.s.boot.tomcat.TomcatWebServer - Tomcat started on port 8080 (http) with context path '/'
2026-04-29 18:36:57 INFO  c.biblioteca.autor.AutorApplication - Started AutorApplication in 19.693 seconds (process running for 21.052)
2026-04-29 18:38:48 INFO  o.s.boot.tomcat.GracefulShutdown - Commencing graceful shutdown. Waiting for active requests to complete
2026-04-29 18:38:50 INFO  o.s.boot.tomcat.GracefulShutdown - Graceful shutdown complete
2026-04-29 18:38:50 INFO  o.s.o.j.LocalContainerEntityManagerFactoryBean - Closing JPA EntityManagerFactory for persistence unit 'default'
2026-04-29 18:38:50 INFO  com.zaxxer.hikari.HikariDataSource - HikariPool-1 - Shutdown initiated...
2026-04-29 18:38:50 INFO  com.zaxxer.hikari.HikariDataSource - HikariPool-1 - Shutdown completed.
2026-04-29 18:54:26 INFO  c.biblioteca.autor.AutorApplication - Starting AutorApplication using Java 17.0.17 with PID 6768 (C:\Users\Rodrigo\Desktop\2026 1semestre\fullstack\proyecto biblioteca FS\autor\autor\target\classes started by Rodrigo in C:\Users\Rodrigo\Desktop\2026 1semestre\fullstack\proyecto biblioteca FS\autor)
2026-04-29 18:54:26 DEBUG c.biblioteca.autor.AutorApplication - Running with Spring Boot v4.0.5, Spring v7.0.6
2026-04-29 18:54:26 INFO  c.biblioteca.autor.AutorApplication - No active profile set, falling back to 1 default profile: "default"
2026-04-29 18:54:30 INFO  o.s.d.r.c.RepositoryConfigurationDelegate - Bootstrapping Spring Data JPA repositories in DEFAULT mode.
2026-04-29 18:54:30 INFO  o.s.d.r.c.RepositoryConfigurationDelegate - Finished Spring Data repository scanning in 409 ms. Found 1 JPA repository interface.
2026-04-29 18:54:33 INFO  o.s.boot.tomcat.TomcatWebServer - Tomcat initialized with port 8080 (http)
2026-04-29 18:54:33 INFO  o.a.catalina.core.StandardService - Starting service [Tomcat]
2026-04-29 18:54:33 INFO  o.a.catalina.core.StandardEngine - Starting Servlet engine: [Apache Tomcat/11.0.20]
2026-04-29 18:54:34 INFO  o.s.b.w.c.s.WebApplicationContextInitializer - Root WebApplicationContext: initialization completed in 7517 ms
2026-04-29 18:54:34 INFO  org.hibernate.orm.jpa - HHH008540: Processing PersistenceUnitInfo [name: default]
2026-04-29 18:54:35 INFO  org.hibernate.orm.core - HHH000001: Hibernate ORM core version 7.2.7.Final
2026-04-29 18:54:38 INFO  o.s.o.j.p.SpringPersistenceUnitInfo - No LoadTimeWeaver setup: ignoring JPA class transformer
2026-04-29 18:54:38 INFO  com.zaxxer.hikari.HikariDataSource - HikariPool-1 - Starting...
2026-04-29 18:54:39 INFO  com.zaxxer.hikari.pool.HikariPool - HikariPool-1 - Added connection conn0: url=jdbc:h2:mem:persona_db user=SA
2026-04-29 18:54:39 INFO  com.zaxxer.hikari.HikariDataSource - HikariPool-1 - Start completed.
2026-04-29 18:54:39 WARN  org.hibernate.orm.deprecation - HHH90000025: H2Dialect does not need to be specified explicitly using 'hibernate.dialect' (remove the property setting and it will be selected by default)
2026-04-29 18:54:39 INFO  o.hibernate.orm.connections.pooling - HHH10001005: Database info:
	Database JDBC URL [jdbc:h2:mem:persona_db]
	Database driver: H2 JDBC Driver
	Database dialect: H2Dialect
	Database version: 2.4.240
	Default catalog/schema: PERSONA_DB/PUBLIC
	Autocommit mode: undefined/unknown
	Isolation level: READ_COMMITTED [default READ_COMMITTED]
	JDBC fetch size: 100
	Pool: DataSourceConnectionProvider
	Minimum pool size: undefined/unknown
	Maximum pool size: undefined/unknown
2026-04-29 18:54:42 INFO  org.hibernate.orm.core - HHH000489: No JTA platform available (set 'hibernate.transaction.jta.platform' to enable JTA platform integration)
2026-04-29 18:54:42 INFO  o.s.o.j.LocalContainerEntityManagerFactoryBean - Initialized JPA EntityManagerFactory for persistence unit 'default'
2026-04-29 18:54:43 INFO  o.s.d.j.r.q.QueryEnhancerFactories - Hibernate is in classpath; If applicable, HQL parser will be used.
2026-04-29 18:54:44 WARN  o.s.b.j.a.JpaBaseConfiguration$JpaWebConfiguration - spring.jpa.open-in-view is enabled by default. Therefore, database queries may be performed during view rendering. Explicitly configure spring.jpa.open-in-view to disable this warning
2026-04-29 18:54:45 INFO  o.s.boot.tomcat.TomcatWebServer - Tomcat started on port 8080 (http) with context path '/'
2026-04-29 18:54:45 INFO  c.biblioteca.autor.AutorApplication - Started AutorApplication in 21.536 seconds (process running for 22.735)
