2026-05-19 01:02:20 INFO  c.b.reserva.ReservaApplication - Starting ReservaApplication using Java 17.0.17 with PID 236 (C:\Users\Rodrigo\Desktop\2026 1semestre\fullstack\proyecto biblioteca FS\reserva\reserva\target\classes started by Rodrigo in C:\Users\Rodrigo\Desktop\2026 1semestre\fullstack\proyecto biblioteca FS\reserva)
2026-05-19 01:02:20 DEBUG c.b.reserva.ReservaApplication - Running with Spring Boot v3.3.0, Spring v6.1.8
2026-05-19 01:02:20 INFO  c.b.reserva.ReservaApplication - No active profile set, falling back to 1 default profile: "default"
2026-05-19 01:02:31 INFO  o.s.d.r.c.RepositoryConfigurationDelegate - Bootstrapping Spring Data JPA repositories in DEFAULT mode.
2026-05-19 01:02:31 INFO  o.s.d.r.c.RepositoryConfigurationDelegate - Finished Spring Data repository scanning in 554 ms. Found 1 JPA repository interface.
2026-05-19 01:02:33 INFO  o.s.cloud.context.scope.GenericScope - BeanFactory id=f6f38006-7030-3a40-89c7-66165f7e5e94
2026-05-19 01:02:36 INFO  o.s.b.w.e.tomcat.TomcatWebServer - Tomcat initialized with port 8087 (http)
2026-05-19 01:02:36 INFO  o.a.catalina.core.StandardService - Starting service [Tomcat]
2026-05-19 01:02:36 INFO  o.a.catalina.core.StandardEngine - Starting Servlet engine: [Apache Tomcat/10.1.24]
2026-05-19 01:02:36 INFO  o.a.c.c.C.[Tomcat].[localhost].[/] - Initializing Spring embedded WebApplicationContext
2026-05-19 01:02:36 INFO  o.s.b.w.s.c.ServletWebServerApplicationContext - Root WebApplicationContext: initialization completed in 15425 ms
2026-05-19 01:02:36 INFO  com.zaxxer.hikari.HikariDataSource - HikariPool-1 - Starting...
2026-05-19 01:02:38 INFO  com.zaxxer.hikari.pool.HikariPool - HikariPool-1 - Added connection conn0: url=jdbc:h2:mem:prestamo_db user=SA
2026-05-19 01:02:38 INFO  com.zaxxer.hikari.HikariDataSource - HikariPool-1 - Start completed.
2026-05-19 01:02:38 INFO  o.s.b.a.h.H2ConsoleAutoConfiguration - H2 console available at '/h2-console'. Database available at 'jdbc:h2:mem:prestamo_db'
2026-05-19 01:02:39 INFO  o.h.jpa.internal.util.LogHelper - HHH000204: Processing PersistenceUnitInfo [name: default]
2026-05-19 01:02:39 INFO  org.hibernate.Version - HHH000412: Hibernate ORM core version 6.5.2.Final
2026-05-19 01:02:40 INFO  o.h.c.i.RegionFactoryInitiator - HHH000026: Second-level cache disabled
2026-05-19 01:02:41 INFO  o.s.o.j.p.SpringPersistenceUnitInfo - No LoadTimeWeaver setup: ignoring JPA class transformer
2026-05-19 01:02:41 WARN  org.hibernate.orm.deprecation - HHH90000025: H2Dialect does not need to be specified explicitly using 'hibernate.dialect' (remove the property setting and it will be selected by default)
2026-05-19 01:02:45 INFO  o.h.e.t.j.p.i.JtaPlatformInitiator - HHH000489: No JTA platform available (set 'hibernate.transaction.jta.platform' to enable JTA platform integration)
2026-05-19 01:02:45 INFO  o.s.o.j.LocalContainerEntityManagerFactoryBean - Initialized JPA EntityManagerFactory for persistence unit 'default'
2026-05-19 01:02:46 INFO  o.s.d.j.r.query.QueryEnhancerFactory - Hibernate is in classpath; If applicable, HQL parser will be used.
2026-05-19 01:02:47 WARN  o.s.b.w.s.c.AnnotationConfigServletWebServerApplicationContext - Exception encountered during context initialization - cancelling refresh attempt: org.springframework.beans.factory.UnsatisfiedDependencyException: Error creating bean with name 'reservaController': Unsatisfied dependency expressed through field 'reservaService': Error creating bean with name 'reservaService': Unsatisfied dependency expressed through field 'personaClient': No qualifying bean of type 'com.biblioteca.reserva.client.PersonaClient' available: expected at least 1 bean which qualifies as autowire candidate. Dependency annotations: {@org.springframework.beans.factory.annotation.Autowired(required=true)}
2026-05-19 01:02:47 INFO  o.s.o.j.LocalContainerEntityManagerFactoryBean - Closing JPA EntityManagerFactory for persistence unit 'default'
2026-05-19 01:02:47 INFO  com.zaxxer.hikari.HikariDataSource - HikariPool-1 - Shutdown initiated...
2026-05-19 01:02:47 INFO  com.zaxxer.hikari.HikariDataSource - HikariPool-1 - Shutdown completed.
2026-05-19 01:02:47 INFO  o.a.catalina.core.StandardService - Stopping service [Tomcat]
2026-05-19 01:02:47 INFO  o.s.b.a.l.ConditionEvaluationReportLogger - 

Error starting ApplicationContext. To display the condition evaluation report re-run your application with 'debug' enabled.
2026-05-19 01:02:48 ERROR o.s.b.d.LoggingFailureAnalysisReporter - 

***************************
APPLICATION FAILED TO START
***************************

Description:

Field personaClient in com.biblioteca.reserva.service.ReservaService required a bean of type 'com.biblioteca.reserva.client.PersonaClient' that could not be found.

The injection point has the following annotations:
	- @org.springframework.beans.factory.annotation.Autowired(required=true)


Action:

Consider defining a bean of type 'com.biblioteca.reserva.client.PersonaClient' in your configuration.

2026-05-19 01:06:28 INFO  c.b.reserva.ReservaApplication - Starting ReservaApplication using Java 17.0.17 with PID 9816 (C:\Users\Rodrigo\Desktop\2026 1semestre\fullstack\proyecto biblioteca FS\reserva\reserva\target\classes started by Rodrigo in C:\Users\Rodrigo\Desktop\2026 1semestre\fullstack\proyecto biblioteca FS\reserva)
2026-05-19 01:06:28 DEBUG c.b.reserva.ReservaApplication - Running with Spring Boot v3.3.0, Spring v6.1.8
2026-05-19 01:06:28 INFO  c.b.reserva.ReservaApplication - No active profile set, falling back to 1 default profile: "default"
2026-05-19 01:06:32 INFO  o.s.d.r.c.RepositoryConfigurationDelegate - Bootstrapping Spring Data JPA repositories in DEFAULT mode.
2026-05-19 01:06:32 INFO  o.s.d.r.c.RepositoryConfigurationDelegate - Finished Spring Data repository scanning in 171 ms. Found 1 JPA repository interface.
2026-05-19 01:06:34 INFO  o.s.cloud.context.scope.GenericScope - BeanFactory id=9335e357-b57b-318e-9c26-61cec5753bd8
2026-05-19 01:06:36 INFO  o.s.b.w.e.tomcat.TomcatWebServer - Tomcat initialized with port 8087 (http)
2026-05-19 01:06:36 INFO  o.a.catalina.core.StandardService - Starting service [Tomcat]
2026-05-19 01:06:36 INFO  o.a.catalina.core.StandardEngine - Starting Servlet engine: [Apache Tomcat/10.1.24]
2026-05-19 01:06:36 INFO  o.a.c.c.C.[Tomcat].[localhost].[/] - Initializing Spring embedded WebApplicationContext
2026-05-19 01:06:36 INFO  o.s.b.w.s.c.ServletWebServerApplicationContext - Root WebApplicationContext: initialization completed in 8250 ms
2026-05-19 01:06:36 INFO  com.zaxxer.hikari.HikariDataSource - HikariPool-1 - Starting...
2026-05-19 01:06:37 INFO  com.zaxxer.hikari.pool.HikariPool - HikariPool-1 - Added connection conn0: url=jdbc:h2:mem:prestamo_db user=SA
2026-05-19 01:06:37 INFO  com.zaxxer.hikari.HikariDataSource - HikariPool-1 - Start completed.
2026-05-19 01:06:38 INFO  o.s.b.a.h.H2ConsoleAutoConfiguration - H2 console available at '/h2-console'. Database available at 'jdbc:h2:mem:prestamo_db'
2026-05-19 01:06:38 INFO  o.h.jpa.internal.util.LogHelper - HHH000204: Processing PersistenceUnitInfo [name: default]
2026-05-19 01:06:38 INFO  org.hibernate.Version - HHH000412: Hibernate ORM core version 6.5.2.Final
2026-05-19 01:06:38 INFO  o.h.c.i.RegionFactoryInitiator - HHH000026: Second-level cache disabled
2026-05-19 01:06:40 INFO  o.s.o.j.p.SpringPersistenceUnitInfo - No LoadTimeWeaver setup: ignoring JPA class transformer
2026-05-19 01:06:40 WARN  org.hibernate.orm.deprecation - HHH90000025: H2Dialect does not need to be specified explicitly using 'hibernate.dialect' (remove the property setting and it will be selected by default)
2026-05-19 01:06:43 INFO  o.h.e.t.j.p.i.JtaPlatformInitiator - HHH000489: No JTA platform available (set 'hibernate.transaction.jta.platform' to enable JTA platform integration)
2026-05-19 01:06:43 INFO  o.s.o.j.LocalContainerEntityManagerFactoryBean - Initialized JPA EntityManagerFactory for persistence unit 'default'
2026-05-19 01:06:44 INFO  o.s.d.j.r.query.QueryEnhancerFactory - Hibernate is in classpath; If applicable, HQL parser will be used.
2026-05-19 01:06:46 WARN  o.s.b.a.o.j.JpaBaseConfiguration$JpaWebConfiguration - spring.jpa.open-in-view is enabled by default. Therefore, database queries may be performed during view rendering. Explicitly configure spring.jpa.open-in-view to disable this warning
2026-05-19 01:06:49 WARN  o.s.b.a.s.s.UserDetailsServiceAutoConfiguration - 

Using generated security password: 4c2dcecf-e69f-4118-91a9-0291e6e06c9f

This generated password is for development use only. Your security configuration must be updated before running your application in production.

2026-05-19 01:06:49 INFO  o.s.s.c.a.a.c.InitializeUserDetailsBeanManagerConfigurer$InitializeUserDetailsManagerConfigurer - Global AuthenticationManager configured with UserDetailsService bean with name inMemoryUserDetailsManager
2026-05-19 01:06:50 INFO  o.s.s.web.DefaultSecurityFilterChain - Will secure any request with [org.springframework.security.web.session.DisableEncodeUrlFilter@16ea56ab, org.springframework.security.web.context.request.async.WebAsyncManagerIntegrationFilter@135fb22d, org.springframework.security.web.context.SecurityContextHolderFilter@5935ade6, org.springframework.security.web.header.HeaderWriterFilter@18a66406, org.springframework.web.filter.CorsFilter@461e0652, org.springframework.security.web.csrf.CsrfFilter@1847da64, org.springframework.security.web.authentication.logout.LogoutFilter@2e03b52f, org.springframework.security.web.authentication.UsernamePasswordAuthenticationFilter@7906de2f, org.springframework.security.web.authentication.ui.DefaultLoginPageGeneratingFilter@fb79241, org.springframework.security.web.authentication.ui.DefaultLogoutPageGeneratingFilter@3b9d5218, org.springframework.security.web.authentication.www.BasicAuthenticationFilter@20c4be8d, org.springframework.security.web.savedrequest.RequestCacheAwareFilter@3ba55a6b, org.springframework.security.web.servletapi.SecurityContextHolderAwareRequestFilter@2f8ede54, org.springframework.security.web.authentication.AnonymousAuthenticationFilter@7f8614ce, org.springframework.security.web.access.ExceptionTranslationFilter@591bff1d, org.springframework.security.web.access.intercept.AuthorizationFilter@6a339bc1]
2026-05-19 01:06:51 INFO  o.s.cloud.commons.util.InetUtils - Cannot determine local hostname
2026-05-19 01:06:52 INFO  o.s.b.w.e.tomcat.TomcatWebServer - Tomcat started on port 8087 (http) with context path '/'
2026-05-19 01:06:53 INFO  o.s.cloud.commons.util.InetUtils - Cannot determine local hostname
2026-05-19 01:06:53 INFO  c.b.reserva.ReservaApplication - Started ReservaApplication in 28.191 seconds (process running for 29.383)
2026-05-19 01:14:53 INFO  o.a.c.c.C.[Tomcat].[localhost].[/] - Initializing Spring DispatcherServlet 'dispatcherServlet'
2026-05-19 01:14:53 INFO  o.s.web.servlet.DispatcherServlet - Initializing Servlet 'dispatcherServlet'
2026-05-19 01:14:53 INFO  o.s.web.servlet.DispatcherServlet - Completed initialization in 10 ms
2026-05-19 01:18:42 INFO  c.b.reserva.ReservaApplication - Starting ReservaApplication using Java 17.0.17 with PID 10048 (C:\Users\Rodrigo\Desktop\2026 1semestre\fullstack\proyecto biblioteca FS\reserva\reserva\target\classes started by Rodrigo in C:\Users\Rodrigo\Desktop\2026 1semestre\fullstack\proyecto biblioteca FS\reserva)
2026-05-19 01:18:42 DEBUG c.b.reserva.ReservaApplication - Running with Spring Boot v3.3.0, Spring v6.1.8
2026-05-19 01:18:42 INFO  c.b.reserva.ReservaApplication - No active profile set, falling back to 1 default profile: "default"
2026-05-19 01:19:04 INFO  o.s.d.r.c.RepositoryConfigurationDelegate - Bootstrapping Spring Data JPA repositories in DEFAULT mode.
2026-05-19 01:19:05 INFO  o.s.d.r.c.RepositoryConfigurationDelegate - Finished Spring Data repository scanning in 909 ms. Found 1 JPA repository interface.
2026-05-19 01:19:09 INFO  o.s.cloud.context.scope.GenericScope - BeanFactory id=eea6c792-5e6b-3717-9f24-04ad33ecdfae
2026-05-19 01:19:16 INFO  o.s.b.w.e.tomcat.TomcatWebServer - Tomcat initialized with port 8087 (http)
2026-05-19 01:19:16 INFO  o.a.catalina.core.StandardService - Starting service [Tomcat]
2026-05-19 01:19:16 INFO  o.a.catalina.core.StandardEngine - Starting Servlet engine: [Apache Tomcat/10.1.24]
2026-05-19 01:19:17 INFO  o.a.c.c.C.[Tomcat].[localhost].[/] - Initializing Spring embedded WebApplicationContext
2026-05-19 01:19:17 INFO  o.s.b.w.s.c.ServletWebServerApplicationContext - Root WebApplicationContext: initialization completed in 33560 ms
2026-05-19 01:19:18 INFO  com.zaxxer.hikari.HikariDataSource - HikariPool-1 - Starting...
2026-05-19 01:19:24 INFO  com.zaxxer.hikari.pool.HikariPool - HikariPool-1 - Added connection conn0: url=jdbc:h2:mem:prestamo_db user=SA
2026-05-19 01:19:24 INFO  com.zaxxer.hikari.HikariDataSource - HikariPool-1 - Start completed.
2026-05-19 01:19:24 INFO  o.s.b.a.h.H2ConsoleAutoConfiguration - H2 console available at '/h2-console'. Database available at 'jdbc:h2:mem:prestamo_db'
2026-05-19 01:19:27 INFO  o.h.jpa.internal.util.LogHelper - HHH000204: Processing PersistenceUnitInfo [name: default]
2026-05-19 01:19:29 INFO  org.hibernate.Version - HHH000412: Hibernate ORM core version 6.5.2.Final
2026-05-19 01:19:30 INFO  o.h.c.i.RegionFactoryInitiator - HHH000026: Second-level cache disabled
2026-05-19 01:19:36 INFO  o.s.o.j.p.SpringPersistenceUnitInfo - No LoadTimeWeaver setup: ignoring JPA class transformer
2026-05-19 01:19:37 WARN  org.hibernate.orm.deprecation - HHH90000025: H2Dialect does not need to be specified explicitly using 'hibernate.dialect' (remove the property setting and it will be selected by default)
2026-05-19 01:19:48 INFO  o.h.e.t.j.p.i.JtaPlatformInitiator - HHH000489: No JTA platform available (set 'hibernate.transaction.jta.platform' to enable JTA platform integration)
2026-05-19 01:19:48 INFO  o.s.o.j.LocalContainerEntityManagerFactoryBean - Initialized JPA EntityManagerFactory for persistence unit 'default'
2026-05-19 01:19:52 INFO  o.s.d.j.r.query.QueryEnhancerFactory - Hibernate is in classpath; If applicable, HQL parser will be used.
2026-05-19 01:19:56 WARN  o.s.b.a.o.j.JpaBaseConfiguration$JpaWebConfiguration - spring.jpa.open-in-view is enabled by default. Therefore, database queries may be performed during view rendering. Explicitly configure spring.jpa.open-in-view to disable this warning
2026-05-19 01:19:57 INFO  o.s.s.c.a.a.c.InitializeUserDetailsBeanManagerConfigurer$InitializeUserDetailsManagerConfigurer - Global AuthenticationManager configured with UserDetailsService bean with name userDetailsService
2026-05-19 01:20:01 INFO  o.s.s.web.DefaultSecurityFilterChain - Will secure any request with [org.springframework.security.web.session.DisableEncodeUrlFilter@3d2be0df, org.springframework.security.web.context.request.async.WebAsyncManagerIntegrationFilter@6affbed1, org.springframework.security.web.context.SecurityContextHolderFilter@446dbf7b, org.springframework.security.web.header.HeaderWriterFilter@11893180, org.springframework.web.filter.CorsFilter@2cf93603, org.springframework.security.web.authentication.logout.LogoutFilter@3a72160a, org.springframework.security.web.authentication.www.BasicAuthenticationFilter@55105271, org.springframework.security.web.savedrequest.RequestCacheAwareFilter@673218b2, org.springframework.security.web.servletapi.SecurityContextHolderAwareRequestFilter@1ff584d7, org.springframework.security.web.authentication.AnonymousAuthenticationFilter@6fe43257, org.springframework.security.web.access.ExceptionTranslationFilter@618a9cb7, org.springframework.security.web.access.intercept.AuthorizationFilter@6a3cb81c]
2026-05-19 01:20:04 INFO  o.s.cloud.commons.util.InetUtils - Cannot determine local hostname
2026-05-19 01:20:05 INFO  o.s.b.w.e.tomcat.TomcatWebServer - Tomcat started on port 8087 (http) with context path '/'
2026-05-19 01:20:06 INFO  o.s.cloud.commons.util.InetUtils - Cannot determine local hostname
2026-05-19 01:20:07 INFO  c.b.reserva.ReservaApplication - Started ReservaApplication in 94.79 seconds (process running for 96.265)
2026-05-19 01:20:30 INFO  o.a.c.c.C.[Tomcat].[localhost].[/] - Initializing Spring DispatcherServlet 'dispatcherServlet'
2026-05-19 01:20:30 INFO  o.s.web.servlet.DispatcherServlet - Initializing Servlet 'dispatcherServlet'
2026-05-19 01:20:30 INFO  o.s.web.servlet.DispatcherServlet - Completed initialization in 2 ms
2026-05-19 01:20:31 INFO  c.b.r.controller.ReservaController - Recibiendo solicitud para listar prestamos
2026-05-19 01:22:02 INFO  c.b.r.controller.ReservaController - Recibiendo solicitud para guardar prestamo
2026-05-19 01:22:04 WARN  c.b.reserva.service.ReservaService - No se pudo obtener el detalle de Persona/Ejemplar para la reserva ID: 1
2026-05-19 01:22:23 INFO  c.b.r.controller.ReservaController - Recibiendo solicitud para listar prestamos
2026-05-19 01:22:23 WARN  c.b.reserva.service.ReservaService - No se pudo obtener el detalle de Persona/Ejemplar para la reserva ID: 1
2026-05-19 01:24:02 INFO  c.b.r.controller.ReservaController - Recibiendo solicitud para guardar prestamo
2026-05-19 01:24:41 INFO  c.b.r.controller.ReservaController - Recibiendo solicitud para buscar prestamos por ID
2026-05-19 01:24:41 WARN  c.b.reserva.service.ReservaService - No se pudo obtener el detalle de Persona/Ejemplar para la reserva ID: 1
2026-05-19 01:24:58 INFO  c.b.r.controller.ReservaController - Recibiendo solicitud para buscar prestamos por el ID de la PERSONA
2026-05-19 01:24:58 WARN  c.b.reserva.service.ReservaService - No se pudo obtener el detalle de Persona/Ejemplar para la reserva ID: 1
2026-05-19 01:25:11 INFO  c.b.r.controller.ReservaController - Recibiendo solicitud para listar reservas ACTIVAS
2026-05-19 01:25:11 WARN  c.b.reserva.service.ReservaService - No se pudo obtener el detalle de Persona/Ejemplar para la reserva ID: 1
2026-05-19 01:26:16 INFO  c.b.r.controller.ReservaController - Recibiendo solicitud para actualizar reserva con ID: 1
2026-05-19 01:26:16 WARN  c.b.reserva.service.ReservaService - No se pudo obtener el detalle de Persona/Ejemplar para la reserva ID: 1
2026-05-19 01:26:39 INFO  c.b.r.controller.ReservaController - Recibiendo solicitud para listar prestamos
2026-05-19 01:26:39 WARN  c.b.reserva.service.ReservaService - No se pudo obtener el detalle de Persona/Ejemplar para la reserva ID: 1
2026-05-19 01:27:37 INFO  c.b.r.controller.ReservaController - Recibiendo solicitud para cancelar la reserva ID: 1
2026-05-19 01:27:37 WARN  c.b.reserva.service.ReservaService - No se pudo obtener el detalle de Persona/Ejemplar para la reserva ID: 1
2026-05-19 01:27:54 INFO  c.b.r.controller.ReservaController - Recibiendo solicitud para listar prestamos
2026-05-19 01:27:54 WARN  c.b.reserva.service.ReservaService - No se pudo obtener el detalle de Persona/Ejemplar para la reserva ID: 1
2026-05-19 01:28:53 INFO  c.b.r.controller.ReservaController - Recibiendo solicitud para cancelar la reserva ID: 1
2026-05-19 01:29:21 INFO  c.b.r.controller.ReservaController - Recibiendo solicitud para listar prestamos
2026-05-19 01:29:21 WARN  c.b.reserva.service.ReservaService - No se pudo obtener el detalle de Persona/Ejemplar para la reserva ID: 1
2026-05-19 01:30:48 INFO  c.b.r.controller.ReservaController - Recibiendo solicitud para guardar prestamo
2026-05-19 01:30:48 WARN  c.b.reserva.service.ReservaService - No se pudo obtener el detalle de Persona/Ejemplar para la reserva ID: 2
2026-05-19 01:31:30 INFO  c.b.r.controller.ReservaController - Recibiendo solicitud para registrar el retiro de la reserva ID: 2
2026-05-19 01:31:30 WARN  c.b.reserva.service.ReservaService - No se pudo obtener el detalle de Persona/Ejemplar para la reserva ID: 2
2026-05-19 01:31:51 INFO  c.b.r.controller.ReservaController - Recibiendo solicitud para listar prestamos
2026-05-19 01:31:51 WARN  c.b.reserva.service.ReservaService - No se pudo obtener el detalle de Persona/Ejemplar para la reserva ID: 1
2026-05-19 01:31:51 WARN  c.b.reserva.service.ReservaService - No se pudo obtener el detalle de Persona/Ejemplar para la reserva ID: 2
2026-05-19 01:32:15 INFO  c.b.r.controller.ReservaController - Recibiendo solicitud para borrar prestamos por ID
2026-05-19 01:32:23 INFO  c.b.r.controller.ReservaController - Recibiendo solicitud para listar prestamos
2026-05-19 01:32:23 WARN  c.b.reserva.service.ReservaService - No se pudo obtener el detalle de Persona/Ejemplar para la reserva ID: 2
