2026-05-09 03:34:27 WARN  com.zaxxer.hikari.pool.HikariPool - HikariPool-1 - Thread starvation or clock leap detected (housekeeper delta=4h45m42s374ms326µs800ns).
2026-05-09 03:49:51 INFO  c.b.prestamo.PrestamoApplication - Starting PrestamoApplication using Java 17.0.17 with PID 16232 (C:\Users\Rodrigo\Desktop\2026 1semestre\fullstack\proyecto biblioteca FS\prestamo\prestamo\target\classes started by Rodrigo in C:\Users\Rodrigo\Desktop\2026 1semestre\fullstack\proyecto biblioteca FS\prestamo)
2026-05-09 03:49:51 DEBUG c.b.prestamo.PrestamoApplication - Running with Spring Boot v3.3.0, Spring v6.1.8
2026-05-09 03:49:51 INFO  c.b.prestamo.PrestamoApplication - No active profile set, falling back to 1 default profile: "default"
2026-05-09 03:49:56 INFO  o.s.d.r.c.RepositoryConfigurationDelegate - Bootstrapping Spring Data JPA repositories in DEFAULT mode.
2026-05-09 03:49:57 INFO  o.s.d.r.c.RepositoryConfigurationDelegate - Finished Spring Data repository scanning in 199 ms. Found 1 JPA repository interface.
2026-05-09 03:49:57 INFO  o.s.cloud.context.scope.GenericScope - BeanFactory id=ed96a571-15b0-3887-9c76-91a5b9c4d1e3
2026-05-09 03:50:00 INFO  o.s.b.w.e.tomcat.TomcatWebServer - Tomcat initialized with port 8086 (http)
2026-05-09 03:50:00 INFO  o.a.catalina.core.StandardService - Starting service [Tomcat]
2026-05-09 03:50:00 INFO  o.a.catalina.core.StandardEngine - Starting Servlet engine: [Apache Tomcat/10.1.24]
2026-05-09 03:50:00 INFO  o.a.c.c.C.[Tomcat].[localhost].[/] - Initializing Spring embedded WebApplicationContext
2026-05-09 03:50:00 INFO  o.s.b.w.s.c.ServletWebServerApplicationContext - Root WebApplicationContext: initialization completed in 8628 ms
2026-05-09 03:50:00 INFO  com.zaxxer.hikari.HikariDataSource - HikariPool-1 - Starting...
2026-05-09 03:50:02 INFO  com.zaxxer.hikari.pool.HikariPool - HikariPool-1 - Added connection conn0: url=jdbc:h2:mem:prestamo_db user=SA
2026-05-09 03:50:02 INFO  com.zaxxer.hikari.HikariDataSource - HikariPool-1 - Start completed.
2026-05-09 03:50:02 INFO  o.s.b.a.h.H2ConsoleAutoConfiguration - H2 console available at '/h2-console'. Database available at 'jdbc:h2:mem:prestamo_db'
2026-05-09 03:50:03 INFO  o.h.jpa.internal.util.LogHelper - HHH000204: Processing PersistenceUnitInfo [name: default]
2026-05-09 03:50:03 INFO  org.hibernate.Version - HHH000412: Hibernate ORM core version 6.5.2.Final
2026-05-09 03:50:03 INFO  o.h.c.i.RegionFactoryInitiator - HHH000026: Second-level cache disabled
2026-05-09 03:50:05 INFO  o.s.o.j.p.SpringPersistenceUnitInfo - No LoadTimeWeaver setup: ignoring JPA class transformer
2026-05-09 03:50:05 WARN  org.hibernate.orm.deprecation - HHH90000025: H2Dialect does not need to be specified explicitly using 'hibernate.dialect' (remove the property setting and it will be selected by default)
2026-05-09 03:50:08 INFO  o.h.e.t.j.p.i.JtaPlatformInitiator - HHH000489: No JTA platform available (set 'hibernate.transaction.jta.platform' to enable JTA platform integration)
2026-05-09 03:50:09 INFO  o.s.o.j.LocalContainerEntityManagerFactoryBean - Initialized JPA EntityManagerFactory for persistence unit 'default'
2026-05-09 03:50:10 INFO  o.s.d.j.r.query.QueryEnhancerFactory - Hibernate is in classpath; If applicable, HQL parser will be used.
2026-05-09 03:50:12 WARN  o.s.b.a.o.j.JpaBaseConfiguration$JpaWebConfiguration - spring.jpa.open-in-view is enabled by default. Therefore, database queries may be performed during view rendering. Explicitly configure spring.jpa.open-in-view to disable this warning
2026-05-09 03:50:13 INFO  o.s.s.c.a.a.c.InitializeUserDetailsBeanManagerConfigurer$InitializeUserDetailsManagerConfigurer - Global AuthenticationManager configured with UserDetailsService bean with name userDetailsService
2026-05-09 03:50:14 INFO  o.s.s.web.DefaultSecurityFilterChain - Will secure any request with [org.springframework.security.web.session.DisableEncodeUrlFilter@54e0b29c, org.springframework.security.web.context.request.async.WebAsyncManagerIntegrationFilter@33428132, org.springframework.security.web.context.SecurityContextHolderFilter@518d4537, org.springframework.security.web.header.HeaderWriterFilter@28cc690d, org.springframework.web.filter.CorsFilter@4c24063c, org.springframework.security.web.authentication.logout.LogoutFilter@57a259c1, org.springframework.security.web.authentication.www.BasicAuthenticationFilter@7ba38cce, org.springframework.security.web.savedrequest.RequestCacheAwareFilter@5824b485, org.springframework.security.web.servletapi.SecurityContextHolderAwareRequestFilter@52f8effb, org.springframework.security.web.authentication.AnonymousAuthenticationFilter@3dd22110, org.springframework.security.web.access.ExceptionTranslationFilter@39000894, org.springframework.security.web.access.intercept.AuthorizationFilter@5f0b2fe1]
2026-05-09 03:50:16 INFO  o.s.b.w.e.tomcat.TomcatWebServer - Tomcat started on port 8086 (http) with context path '/'
2026-05-09 03:50:17 INFO  c.b.prestamo.PrestamoApplication - Started PrestamoApplication in 28.111 seconds (process running for 29.971)
2026-05-09 03:52:47 INFO  o.a.c.c.C.[Tomcat].[localhost].[/] - Initializing Spring DispatcherServlet 'dispatcherServlet'
2026-05-09 03:52:47 INFO  o.s.web.servlet.DispatcherServlet - Initializing Servlet 'dispatcherServlet'
2026-05-09 03:52:47 INFO  o.s.web.servlet.DispatcherServlet - Completed initialization in 0 ms
2026-05-09 03:53:11 INFO  c.b.p.controller.PrestamoController - Recibiendo solicitud para listar prestamos
2026-05-09 03:56:56 INFO  c.b.p.controller.PrestamoController - Recibiendo solicitud para guardar prestamo
2026-05-09 03:56:57 WARN  c.b.prestamo.service.PrestamoService - No se pudo obtener el detalle de Persona/Ejemplar para el préstamo ID: 1
2026-05-09 03:58:14 INFO  c.b.p.controller.PrestamoController - Recibiendo solicitud para guardar prestamo
