2026-05-17 15:36:32 INFO  c.example.edicion.EdicionApplication - Starting EdicionApplication using Java 17.0.12 with PID 141364 (/home/jos/Documentos/GitHub/Biblioteca_SG/Edicion/edición/target/classes started by jos in /home/jos/Documentos/GitHub/Biblioteca_SG/Edicion/edición)
2026-05-17 15:36:32 INFO  c.example.edicion.EdicionApplication - No active profile set, falling back to 1 default profile: "default"
2026-05-17 15:36:33 INFO  o.s.d.r.c.RepositoryConfigurationDelegate - Bootstrapping Spring Data JPA repositories in DEFAULT mode.
2026-05-17 15:36:33 INFO  o.s.d.r.c.RepositoryConfigurationDelegate - Finished Spring Data repository scanning in 33 ms. Found 1 JPA repository interface.
2026-05-17 15:36:34 INFO  o.s.cloud.context.scope.GenericScope - BeanFactory id=6bc31503-605e-3b75-8025-6a484f379122
2026-05-17 15:36:34 INFO  o.s.boot.tomcat.TomcatWebServer - Tomcat initialized with port 8082 (http)
2026-05-17 15:36:34 INFO  o.a.catalina.core.StandardService - Starting service [Tomcat]
2026-05-17 15:36:34 INFO  o.a.catalina.core.StandardEngine - Starting Servlet engine: [Apache Tomcat/11.0.21]
2026-05-17 15:36:34 INFO  o.s.b.w.c.s.WebApplicationContextInitializer - Root WebApplicationContext: initialization completed in 1849 ms
2026-05-17 15:36:34 INFO  org.hibernate.orm.jpa - HHH008540: Processing PersistenceUnitInfo [name: default]
2026-05-17 15:36:34 INFO  org.hibernate.orm.core - HHH000001: Hibernate ORM core version 7.2.12.Final
2026-05-17 15:36:34 INFO  o.s.o.j.p.SpringPersistenceUnitInfo - No LoadTimeWeaver setup: ignoring JPA class transformer
2026-05-17 15:36:34 INFO  com.zaxxer.hikari.HikariDataSource - HikariPool-1 - Starting...
2026-05-17 15:36:35 INFO  com.zaxxer.hikari.pool.HikariPool - HikariPool-1 - Added connection oracle.jdbc.driver.T4CConnection@5ff29e8b
2026-05-17 15:36:35 INFO  com.zaxxer.hikari.HikariDataSource - HikariPool-1 - Start completed.
2026-05-17 15:36:35 WARN  org.hibernate.orm.deprecation - HHH90000025: OracleDialect does not need to be specified explicitly using 'hibernate.dialect' (remove the property setting and it will be selected by default)
2026-05-17 15:36:35 WARN  org.hibernate.orm.jdbc - HHH100123: Low default JDBC fetch size: 10 (consider setting 'hibernate.jdbc.fetch_size')
2026-05-17 15:36:35 INFO  o.hibernate.orm.connections.pooling - HHH10001005: Database info:
	Database JDBC URL [jdbc:oracle:thin:@192.168.1.13:1521/xe]
	Database driver: Oracle JDBC driver
	Database dialect: OracleDialect
	Database version: 21.3
	Default catalog/schema: undefined/SG
	Autocommit mode: undefined/unknown
	Isolation level: READ_COMMITTED [default READ_COMMITTED]
	JDBC fetch size: 10
	Pool: DataSourceConnectionProvider
	Minimum pool size: undefined/unknown
	Maximum pool size: undefined/unknown
2026-05-17 15:36:36 INFO  org.hibernate.orm.core - HHH000489: No JTA platform available (set 'hibernate.transaction.jta.platform' to enable JTA platform integration)
2026-05-17 15:36:36 INFO  o.s.o.j.LocalContainerEntityManagerFactoryBean - Initialized JPA EntityManagerFactory for persistence unit 'default'
2026-05-17 15:36:36 INFO  o.s.d.j.r.q.QueryEnhancerFactories - Hibernate is in classpath; If applicable, HQL parser will be used.
2026-05-17 15:36:36 WARN  o.s.b.j.a.JpaBaseConfiguration$JpaWebConfiguration - spring.jpa.open-in-view is enabled by default. Therefore, database queries may be performed during view rendering. Explicitly configure spring.jpa.open-in-view to disable this warning
2026-05-17 15:36:36 INFO  o.s.s.c.a.a.c.InitializeUserDetailsBeanManagerConfigurer$InitializeUserDetailsManagerConfigurer - Global AuthenticationManager configured with UserDetailsService bean with name userDetailsService
2026-05-17 15:36:37 INFO  o.s.b.a.e.web.EndpointLinksResolver - Exposing 1 endpoint beneath base path '/actuator'
2026-05-17 15:36:37 INFO  o.s.boot.tomcat.TomcatWebServer - Tomcat started on port 8082 (http) with context path '/'
2026-05-17 15:36:37 INFO  c.example.edicion.EdicionApplication - Started EdicionApplication in 5.436 seconds (process running for 7.036)
2026-05-17 15:36:37 INFO  o.a.c.c.C.[Tomcat].[localhost].[/] - Initializing Spring DispatcherServlet 'dispatcherServlet'
2026-05-17 15:36:37 INFO  o.s.web.servlet.DispatcherServlet - Initializing Servlet 'dispatcherServlet'
2026-05-17 15:36:37 INFO  o.s.web.servlet.DispatcherServlet - Completed initialization in 2 ms
2026-05-17 15:38:40 INFO  c.e.e.controller.EdicionController - Recibiendo solicitud para buscar edicion por ID: 2
2026-05-17 15:38:41 INFO  c.e.e.controller.EdicionController - Recibiendo solicitud para buscar edicion por ID: 2
2026-05-17 15:38:41 INFO  c.e.e.controller.EdicionController - Recibiendo solicitud para buscar edicion por ID: 2
2026-05-17 15:38:41 INFO  c.e.e.controller.EdicionController - Recibiendo solicitud para buscar edicion por ID: 2
2026-05-17 15:38:41 INFO  c.e.e.controller.EdicionController - Recibiendo solicitud para buscar edicion por ID: 2
2026-05-17 15:38:41 INFO  c.e.e.controller.EdicionController - Recibiendo solicitud para buscar edicion por ID: 2
2026-05-17 15:38:49 INFO  c.e.e.controller.EdicionController - Recibiendo solicitud para buscar edicion por ID: 3
2026-05-17 15:38:49 INFO  c.e.e.controller.EdicionController - Recibiendo solicitud para buscar edicion por ID: 21
2026-05-17 15:38:49 INFO  c.e.e.controller.EdicionController - Recibiendo solicitud para buscar edicion por ID: 3
2026-05-17 15:38:49 INFO  c.e.e.controller.EdicionController - Recibiendo solicitud para buscar edicion por ID: 3
2026-05-17 15:38:50 INFO  c.e.e.controller.EdicionController - Recibiendo solicitud para buscar edicion por ID: 3
2026-05-17 15:38:50 INFO  c.e.e.controller.EdicionController - Recibiendo solicitud para buscar edicion por ID: 3
2026-05-17 15:38:50 INFO  c.e.e.controller.EdicionController - Recibiendo solicitud para buscar edicion por ID: 3
2026-05-17 15:38:50 INFO  c.e.e.controller.EdicionController - Recibiendo solicitud para buscar edicion por ID: 3
2026-05-17 15:38:50 INFO  c.e.e.controller.EdicionController - Recibiendo solicitud para buscar edicion por ID: 3
2026-05-17 15:38:50 INFO  c.e.e.controller.EdicionController - Recibiendo solicitud para buscar edicion por ID: 21
2026-05-17 15:38:51 INFO  c.e.e.controller.EdicionController - Recibiendo solicitud para buscar edicion por ID: 21
2026-05-17 15:38:56 INFO  c.e.e.controller.EdicionController - Recibiendo solicitud para buscar edicion por ID: 22
2026-05-17 15:39:35 INFO  c.e.e.controller.EdicionController - Recibiendo solicitud para buscar edicion por ID: 3
2026-05-17 15:39:35 INFO  c.e.e.controller.EdicionController - Recibiendo solicitud para buscar edicion por ID: 21
2026-05-17 15:39:36 INFO  c.e.e.controller.EdicionController - Recibiendo solicitud para buscar edicion por ID: 3
2026-05-17 15:39:36 INFO  c.e.e.controller.EdicionController - Recibiendo solicitud para buscar edicion por ID: 3
2026-05-17 15:39:36 INFO  c.e.e.controller.EdicionController - Recibiendo solicitud para buscar edicion por ID: 3
2026-05-17 15:39:36 INFO  c.e.e.controller.EdicionController - Recibiendo solicitud para buscar edicion por ID: 3
2026-05-17 15:39:36 INFO  c.e.e.controller.EdicionController - Recibiendo solicitud para buscar edicion por ID: 3
2026-05-17 15:39:37 INFO  c.e.e.controller.EdicionController - Recibiendo solicitud para buscar edicion por ID: 3
2026-05-17 15:39:37 INFO  c.e.e.controller.EdicionController - Recibiendo solicitud para buscar edicion por ID: 3
2026-05-17 15:39:37 INFO  c.e.e.controller.EdicionController - Recibiendo solicitud para buscar edicion por ID: 21
2026-05-17 15:39:37 INFO  c.e.e.controller.EdicionController - Recibiendo solicitud para buscar edicion por ID: 21
2026-05-17 15:41:41 INFO  c.e.e.controller.EdicionController - Recibiendo solicitud para buscar edicion por ID: 3
2026-05-17 15:41:41 INFO  c.e.e.controller.EdicionController - Recibiendo solicitud para buscar edicion por ID: 21
2026-05-17 15:41:41 INFO  c.e.e.controller.EdicionController - Recibiendo solicitud para buscar edicion por ID: 3
2026-05-17 15:41:41 INFO  c.e.e.controller.EdicionController - Recibiendo solicitud para buscar edicion por ID: 3
2026-05-17 15:41:42 INFO  c.e.e.controller.EdicionController - Recibiendo solicitud para buscar edicion por ID: 3
2026-05-17 15:41:42 INFO  c.e.e.controller.EdicionController - Recibiendo solicitud para buscar edicion por ID: 3
2026-05-17 15:41:42 INFO  c.e.e.controller.EdicionController - Recibiendo solicitud para buscar edicion por ID: 3
2026-05-17 15:41:42 INFO  c.e.e.controller.EdicionController - Recibiendo solicitud para buscar edicion por ID: 3
2026-05-17 15:41:42 INFO  c.e.e.controller.EdicionController - Recibiendo solicitud para buscar edicion por ID: 3
2026-05-17 15:41:42 INFO  c.e.e.controller.EdicionController - Recibiendo solicitud para buscar edicion por ID: 21
2026-05-17 15:41:43 INFO  c.e.e.controller.EdicionController - Recibiendo solicitud para buscar edicion por ID: 21
2026-05-17 15:42:30 INFO  c.e.e.controller.EdicionController - Recibiendo solicitud para listar ediciones
2026-05-17 15:42:53 INFO  c.e.e.controller.EdicionController - Recibiendo solicitud para buscar edicion por ID: 3
2026-05-17 15:42:53 INFO  c.e.e.controller.EdicionController - Recibiendo solicitud para buscar edicion por ID: 21
2026-05-17 15:42:54 INFO  c.e.e.controller.EdicionController - Recibiendo solicitud para buscar edicion por ID: 3
2026-05-17 15:42:54 INFO  c.e.e.controller.EdicionController - Recibiendo solicitud para buscar edicion por ID: 3
2026-05-17 15:42:54 INFO  c.e.e.controller.EdicionController - Recibiendo solicitud para buscar edicion por ID: 3
2026-05-17 15:42:54 INFO  c.e.e.controller.EdicionController - Recibiendo solicitud para buscar edicion por ID: 3
2026-05-17 15:42:54 INFO  c.e.e.controller.EdicionController - Recibiendo solicitud para buscar edicion por ID: 3
2026-05-17 15:42:54 INFO  c.e.e.controller.EdicionController - Recibiendo solicitud para buscar edicion por ID: 3
2026-05-17 15:42:55 INFO  c.e.e.controller.EdicionController - Recibiendo solicitud para buscar edicion por ID: 3
2026-05-17 15:42:55 INFO  c.e.e.controller.EdicionController - Recibiendo solicitud para buscar edicion por ID: 21
2026-05-17 15:42:55 INFO  c.e.e.controller.EdicionController - Recibiendo solicitud para buscar edicion por ID: 21
2026-05-17 15:43:17 INFO  c.e.e.controller.EdicionController - Recibiendo solicitud para buscar edicion por ID: 22
2026-05-17 15:43:17 INFO  c.e.e.controller.EdicionController - Recibiendo solicitud para buscar edicion por ID: 22
2026-05-17 15:43:17 INFO  c.e.e.controller.EdicionController - Recibiendo solicitud para buscar edicion por ID: 22
2026-05-17 15:43:17 INFO  c.e.e.controller.EdicionController - Recibiendo solicitud para buscar edicion por ID: 22
2026-05-17 15:43:17 INFO  c.e.e.controller.EdicionController - Recibiendo solicitud para buscar edicion por ID: 22
2026-05-17 15:43:17 INFO  c.e.e.controller.EdicionController - Recibiendo solicitud para buscar edicion por ID: 22
2026-05-17 15:46:22 INFO  o.s.boot.tomcat.GracefulShutdown - Commencing graceful shutdown. Waiting for active requests to complete
2026-05-17 15:46:22 INFO  o.s.boot.tomcat.GracefulShutdown - Graceful shutdown complete
2026-05-17 15:46:22 INFO  o.s.o.j.LocalContainerEntityManagerFactoryBean - Closing JPA EntityManagerFactory for persistence unit 'default'
2026-05-17 15:46:22 INFO  com.zaxxer.hikari.HikariDataSource - HikariPool-1 - Shutdown initiated...
2026-05-17 15:46:22 INFO  com.zaxxer.hikari.HikariDataSource - HikariPool-1 - Shutdown completed.
